\BOOKMARK [1][-]{section.1}{\376\377\144\130\211\201}{}% 1
\BOOKMARK [1][-]{section.2}{\376\377\166\370\121\163\135\345\117\134}{}% 2
\BOOKMARK [2][-]{subsection.2.1}{\376\377\120\074\121\375\145\160\145\271\154\325\166\204\157\024\217\333\377\032\116\316\000\040\000D\000Q\000N\000\040\122\060\000\040\000D\000u\000e\000l\000i\000n\000g\000\040\000D\000Q\000N}{section.2}% 3
\BOOKMARK [2][-]{subsection.2.2}{\376\377\177\121\150\074\116\026\165\114\133\374\202\052\116\016\215\357\137\204\211\304\122\022}{section.2}% 4
\BOOKMARK [2][-]{subsection.2.3}{\376\377\131\126\122\261\130\121\220\040\116\016\213\376\172\013\133\146\116\140}{section.2}% 5
\BOOKMARK [1][-]{section.3}{\376\377\133\236\232\214\163\257\130\203\123\312\133\236\232\214\213\276\177\156}{}% 6
\BOOKMARK [2][-]{subsection.3.1}{\376\377\133\236\232\214\136\163\123\360}{section.3}% 7
\BOOKMARK [2][-]{subsection.3.2}{\376\377\133\236\232\214\116\000\377\032\134\341\214\067\157\053\153\145}{section.3}% 8
\BOOKMARK [3][-]{subsubsection.3.2.1}{\376\377\163\257\130\203\213\276\177\156}{subsection.3.2}% 9
\BOOKMARK [3][-]{subsubsection.3.2.2}{\376\377\173\227\154\325\213\276\213\241}{subsection.3.2}% 10
\BOOKMARK [3][-]{subsubsection.3.2.3}{\376\377\215\205\123\302\145\160\221\115\177\156}{subsection.3.2}% 11
\BOOKMARK [3][-]{subsubsection.3.2.4}{\376\377\133\236\232\214\176\323\147\234\116\016\122\006\147\220}{subsection.3.2}% 12
\BOOKMARK [2][-]{subsection.3.3}{\376\377\133\236\232\214\116\214\377\032\221\315\217\324\171\330\130\203}{section.3}% 13
\BOOKMARK [3][-]{subsubsection.3.3.1}{\376\377\163\257\130\203\213\276\177\156}{subsection.3.3}% 14
\BOOKMARK [3][-]{subsubsection.3.3.2}{\376\377\173\227\154\325\213\276\213\241}{subsection.3.3}% 15
\BOOKMARK [3][-]{subsubsection.3.3.3}{\376\377\215\205\123\302\145\160\221\115\177\156}{subsection.3.3}% 16
\BOOKMARK [3][-]{subsubsection.3.3.4}{\376\377\133\236\232\214\176\323\147\234\116\016\122\006\147\220}{subsection.3.3}% 17
\BOOKMARK [2][-]{subsection.3.4}{\376\377\116\044\153\041\133\236\232\214\133\371\153\324}{section.3}% 18
\BOOKMARK [1][-]{section.4}{\376\377\140\073\176\323\124\214\134\125\147\033}{}% 19
\BOOKMARK [2][-]{subsection.4.1}{\376\377\140\073\176\323}{section.4}% 20
\BOOKMARK [2][-]{subsection.4.2}{\376\377\116\015\215\263}{section.4}% 21
\BOOKMARK [2][-]{subsection.4.3}{\376\377\134\125\147\033}{section.4}% 22
